// Jest Snapshot v1, https://goo.gl/fbAQLP

exports[`First renders passes snapshot 1`] = `
<div>
  <div>
    <span>
      Precio
    </span>
    <div
      class="MuiInputBase-root MuiOutlinedInput-root MuiInputBase-colorPrimary currency-select css-1yk1gt9-MuiInputBase-root-MuiOutlinedInput-root-MuiSelect-root"
    >
      <div
        aria-expanded="false"
        aria-haspopup="listbox"
        aria-labelledby="currency-select-label currency-select"
        class="MuiSelect-select MuiSelect-outlined MuiInputBase-input MuiOutlinedInput-input css-11u53oe-MuiSelect-select-MuiInputBase-input-MuiOutlinedInput-input"
        id="currency-select"
        role="button"
        tabindex="0"
      >
        $
      </div>
      <input
        aria-hidden="true"
        aria-invalid="false"
        class="MuiSelect-nativeInput css-yf8vq0-MuiSelect-nativeInput"
        tabindex="-1"
        value="ARS"
      />
      <svg
        aria-hidden="true"
        class="MuiSvgIcon-root MuiSvgIcon-fontSizeMedium MuiSelect-icon MuiSelect-iconOutlined css-hfutr2-MuiSvgIcon-root-MuiSelect-icon"
        data-testid="ArrowDropDownIcon"
        focusable="false"
        viewBox="0 0 24 24"
      >
        <path
          d="M7 10l5 5 5-5z"
        />
      </svg>
      <fieldset
        aria-hidden="true"
        class="MuiOutlinedInput-notchedOutline css-1d3z3hw-MuiOutlinedInput-notchedOutline"
      >
        <legend
          class="css-ihdtdm"
        >
          <span
            class="notranslate"
          >
            â€‹
          </span>
        </legend>
      </fieldset>
    </div>
    <input
      class="amount-input"
      data-testid="price-amount-input"
      value="100"
    />
  </div>
</div>
`;
