// Jest Snapshot v1, https://goo.gl/fbAQLP

exports[`First renders passes test 1`] = `
<div>
  <div>
    Stock
    : hay x unidades
  </div>
</div>
`;
